2026-09-16T20:57:33.406Z launch: Executable doesn't exist at /Users/anikrfiat/Library/Caches/ms-playwright/chromium_headless_shell-1208/chrome-headless-shell-mac-arm64/chrome-headless-shell
╔═════════════════════════════════════════════════════════════════════════╗
║ Looks like Playwright Test or Playwright was just installed or updated. ║
║ Please run the following command to download new browsers:              ║
║                                                                         ║
║     npx playwright install                                              ║
║                                                                         ║
║ <3 Playwright Team                                                      ║
╚═════════════════════════════════════════════════════════════════════════╝
launch: Executable doesn't exist at /Users/anikrfiat/Library/Caches/ms-playwright/chromium_headless_shell-1208/chrome-headless-shell-mac-arm64/chrome-headless-shell
╔═════════════════════════════════════════════════════════════════════════╗
║ Looks like Playwright Test or Playwright was just installed or updated. ║
║ Please run the following command to download new browsers:              ║
║                                                                         ║
║     npx playwright install                                              ║
║                                                                         ║
║ <3 Playwright Team                                                      ║
╚═════════════════════════════════════════════════════════════════════════╝
    at launch (/Users/anikrfiat/.agents/skills/gstack/browse/src/browser-manager.ts:372:35)
    at async start (/Users/anikrfiat/.agents/skills/gstack/browse/src/server.ts:2974:28)
    at processTicksAndRejections (native:7:39)
